// Jest Snapshot v1, https://goo.gl/fbAQLP

exports[`render photo card snapshot 1`] = `
<div
  className="col-4 card"
>
  <img
    className="card-img"
    src="about:blank"
  />
  <p
    className="card-text"
  >
    no photo
  </p>
</div>
`;
